// Jest Snapshot v1, https://goo.gl/fbAQLP

exports[`renders homepage unchanged 1`] = `
<div>
  <div
    class="container"
  >
    <main>
      <h1
        class="title"
      >
        Convert an integer to a
         
        <a
          href="https://en.wikipedia.org/wiki/Roman_numerals"
          referrerpolicy="no-referrer"
          target="_blank"
        >
          Roman
        </a>
         
        numeral
      </h1>
      <div
        class="container"
      >
        <input
          data-testid="int-input"
          type="number"
        />
        <p>
           = 
        </p>
        <p />
      </div>
    </main>
  </div>
</div>
`;
